$ find ai_daily_news -maxdepth 3 -type f | sort
ai_daily_news/__init__.py
ai_daily_news/__pycache__/__init__.cpython-311.pyc
ai_daily_news/__pycache__/builder.cpython-311.pyc
ai_daily_news/__pycache__/cli.cpython-311.pyc
ai_daily_news/__pycache__/core.cpython-311.pyc
ai_daily_news/__pycache__/state.cpython-311.pyc
ai_daily_news/builder.py
ai_daily_news/cli.py
ai_daily_news/core.py
ai_daily_news/nodes/__init__.py
ai_daily_news/nodes/__pycache__/__init__.cpython-311.pyc
ai_daily_news/nodes/__pycache__/broadcast.cpython-311.pyc
ai_daily_news/nodes/__pycache__/fetch.cpython-311.pyc
ai_daily_news/nodes/broadcast.py
ai_daily_news/nodes/fetch.py
ai_daily_news/nodes/run.py
ai_daily_news/prompts/__init__.py
ai_daily_news/prompts/__pycache__/__init__.cpython-311.pyc
ai_daily_news/server.py
ai_daily_news/specialists/README.md
ai_daily_news/specialists/__init__.py
ai_daily_news/state.py
ai_daily_news/tools/README.md
ai_daily_news/tools/__init__.py

=== Skill 步骤 4 修改的文件 ===
  nodes/fetch.py · nodes/broadcast.py · builder.py
  prompts/__init__.py · state.py · core.py
