=== Skill 步骤 1 · 起仓（Skill 规定：平台直链下模板 + 改名）===
# Agent 按 SKILL 步骤 1 执行以下命令
Archive:  /tmp/ai-daily-tpl.zip
  inflating: /tmp/ai-daily-unzip/standalone-agent-template/.env.example  
  inflating: /tmp/ai-daily-unzip/standalone-agent-template/.gitignore  
  inflating: /tmp/ai-daily-unzip/standalone-agent-template/README.md  
  inflating: /tmp/ai-daily-unzip/standalone-agent-template/pyproject.toml  
  inflating: /tmp/ai-daily-unzip/standalone-agent-template/scripts/__init__.py  
  inflating: /tmp/ai-daily-unzip/standalone-agent-template/scripts/smoke.py  
  inflating: /tmp/ai-daily-unzip/standalone-agent-template/tests/test_smoke.py  
  inflating: /tmp/ai-daily-unzip/standalone-agent-template/your_agent/__init__.py  
  inflating: /tmp/ai-daily-unzip/standalone-agent-template/your_agent/builder.py  
  inflating: /tmp/ai-daily-unzip/standalone-agent-template/your_agent/cli.py  
  inflating: /tmp/ai-daily-unzip/standalone-agent-template/your_agent/core.py  
  inflating: /tmp/ai-daily-unzip/standalone-agent-template/your_agent/server.py  
  inflating: /tmp/ai-daily-unzip/standalone-agent-template/your_agent/state.py  
  inflating: /tmp/ai-daily-unzip/standalone-agent-template/your_agent/nodes/__init__.py  
  inflating: /tmp/ai-daily-unzip/standalone-agent-template/your_agent/nodes/run.py  
  inflating: /tmp/ai-daily-unzip/standalone-agent-template/your_agent/prompts/__init__.py  
  inflating: /tmp/ai-daily-unzip/standalone-agent-template/your_agent/specialists/README.md  
  inflating: /tmp/ai-daily-unzip/standalone-agent-template/your_agent/specialists/__init__.py  
  inflating: /tmp/ai-daily-unzip/standalone-agent-template/your_agent/tools/README.md  
  inflating: /tmp/ai-daily-unzip/standalone-agent-template/your_agent/tools/__init__.py  

=== 验证（Skill 步骤 1 期望）===
grep your_agent: clean ✓
ai_daily_news/builder.py
name = "ai-daily-news"                       # ← 改 · kebab-case · 建议 -agent 结尾(telemetry canonical)
